// Jest Snapshot v1, https://goo.gl/fbAQLP

exports[`App Should render App 1`] = `
<div>
  <div
    class="App"
  >
    <header
      class="App-header"
    >
      <h1>
        Mini Piano Keyboard
      </h1>
    </header>
    <div>
      Octave
    </div>
  </div>
</div>
`;
